Using pre-set license
Built from '2020.2/release' branch; Version is '2020.2.4f1 (becced5a802b) revision 12504301'; Using compiler version '192528614'; Build Type 'Release'
OS: 'Windows 10 Pro; OS build 26200.8246; Version 2009; 64bit' Language: 'es' Physical Memory: 31085 MB
BatchMode: 1, IsHumanControllingUs: 0, StartBugReporterOnCrash: 0, Is64bit: 1, IsPro: 0

 COMMAND LINE ARGUMENTS:
C:\Program Files\Unity\Hub\Editor\2020.2.4f1\Editor\Unity.exe
-adb2
-batchMode
-noUpm
-name
AssetImportWorker0
-projectPath
C:/Users/STEF/Desktop/nodulus-AP
-logFile
Logs/AssetImportWorker0.log
-srvPort
59778
Successfully changed project path to: C:/Users/STEF/Desktop/nodulus-AP
C:/Users/STEF/Desktop/nodulus-AP
Using Asset Import Pipeline V2.
Refreshing native plugins compatible for Editor in 40.73 ms, found 0 plugins.
Preloading 0 native plugins for Editor in 0.00 ms.
Initialize engine version: 2020.2.4f1 (becced5a802b)
[Subsystems] Discovering subsystems at path C:/Program Files/Unity/Hub/Editor/2020.2.4f1/Editor/Data/Resources/UnitySubsystems
[Subsystems] Discovering subsystems at path C:/Users/STEF/Desktop/nodulus-AP/Assets
GfxDevice: creating device client; threaded=0
Direct3D:
    Version:  Direct3D 11.0 [level 11.1]
    Renderer: NVIDIA GeForce RTX 4060 (ID=0x2882)
    Vendor:   
    VRAM:     7957 MB
    Driver:   32.0.15.7652
Initialize mono
Mono path[0] = 'C:/Program Files/Unity/Hub/Editor/2020.2.4f1/Editor/Data/Managed'
Mono path[1] = 'C:/Program Files/Unity/Hub/Editor/2020.2.4f1/Editor/Data/MonoBleedingEdge/lib/mono/unityjit'
Mono config path = 'C:/Program Files/Unity/Hub/Editor/2020.2.4f1/Editor/Data/MonoBleedingEdge/etc'
Using monoOptions --debugger-agent=transport=dt_socket,embedding=1,server=y,suspend=n,address=127.0.0.1:56680
Begin MonoManager ReloadAssembly
Registering precompiled unity dll's ...
Register platform support module: C:/Program Files/Unity/Hub/Editor/2020.2.4f1/Editor/Data/PlaybackEngines/WindowsStandaloneSupport/UnityEditor.WindowsStandalone.Extensions.dll
Registered in 0.001580 seconds.
Native extension for WindowsStandalone target not found
Refreshing native plugins compatible for Editor in 35.67 ms, found 0 plugins.
Preloading 0 native plugins for Editor in 0.00 ms.
Invoked RoslynAnalysisRunner static constructor.
RoslynAnalysisRunner will not be running.
RoslynAnalysisRunner has terminated.
Mono: successfully reloaded assembly
- Completed reload, in  0.956 seconds
Platform modules already initialized, skipping
Registering precompiled user dll's ...
Registered in 0.003709 seconds.
Begin MonoManager ReloadAssembly
Native extension for WindowsStandalone target not found
Refreshing native plugins compatible for Editor in 0.43 ms, found 0 plugins.
Preloading 0 native plugins for Editor in 0.00 ms.
Invoked RoslynAnalysisRunner static constructor.
RoslynAnalysisRunner will not be running.
RoslynAnalysisRunner has terminated.
Mono: successfully reloaded assembly
- Completed reload, in  0.703 seconds
Platform modules already initialized, skipping
========================================================================
Worker process is ready to serve import requests
Launched and connected shader compiler UnityShaderCompiler.exe after 0.04 seconds
Refreshing native plugins compatible for Editor in 0.44 ms, found 0 plugins.
Preloading 0 native plugins for Editor in 0.00 ms.
Unloading 1899 Unused Serialized files (Serialized files now loaded: 0)
System memory in use before: 85.0 MB.
System memory in use after: 85.1 MB.

Unloading 37 unused Assets to reduce memory usage. Loaded Objects now: 2328.
Total: 2.667500 ms (FindLiveObjects: 0.353400 ms CreateObjectMapping: 0.149800 ms MarkObjects: 2.096200 ms  DeleteObjects: 0.066600 ms)

========================================================================
Received Import Request.
  path: Assets/_Scenes/Logo.unity
  artifactKey: Guid(5b9eb3538d8108f44a420a0b498263be) Importer(815301076,1909f56bfc062723c751e8b465ee728b)
Start importing Assets/_Scenes/Logo.unity using Guid(5b9eb3538d8108f44a420a0b498263be) Importer(815301076,1909f56bfc062723c751e8b465ee728b)  -> (artifact id: 'cce3108528d2418c4a1072a7943d068f') in 0.017292 seconds
  Import took 0.021423 seconds .

========================================================================
Received Import Request.
  Time since last request: 0.007735 seconds.
  path: Assets/_Scenes/Logo.unity
  artifactKey: Guid(5b9eb3538d8108f44a420a0b498263be) Importer(815301076,1909f56bfc062723c751e8b465ee728b)
Start importing Assets/_Scenes/Logo.unity using Guid(5b9eb3538d8108f44a420a0b498263be) Importer(815301076,1909f56bfc062723c751e8b465ee728b)  -> (artifact id: 'cce3108528d2418c4a1072a7943d068f') in 0.002611 seconds
  Import took 0.005126 seconds .

========================================================================
Received Import Request.
  Time since last request: 14.928210 seconds.
  path: Assets/_Scenes/Blank.unity
  artifactKey: Guid(736ba54c5e83df24a8425ad39535c371) Importer(815301076,1909f56bfc062723c751e8b465ee728b)
Start importing Assets/_Scenes/Blank.unity using Guid(736ba54c5e83df24a8425ad39535c371) Importer(815301076,1909f56bfc062723c751e8b465ee728b)  -> (artifact id: '94958d9dbb95418cccad497715df0c1b') in 0.009806 seconds
  Import took 0.013460 seconds .

========================================================================
Received Import Request.
  Time since last request: 16.371118 seconds.
  path: Assets/_Scenes/NodulusGame.unity
  artifactKey: Guid(7100d625d5becc142b514703766c9e59) Importer(815301076,1909f56bfc062723c751e8b465ee728b)
Start importing Assets/_Scenes/NodulusGame.unity using Guid(7100d625d5becc142b514703766c9e59) Importer(815301076,1909f56bfc062723c751e8b465ee728b)  -> (artifact id: '655d6b1f1425404d471a8b076cff3d06') in 0.008078 seconds
  Import took 0.011644 seconds .

========================================================================
Received Prepare
Registering precompiled user dll's ...
Registered in 0.003225 seconds.
Begin MonoManager ReloadAssembly
Native extension for WindowsStandalone target not found
Refreshing native plugins compatible for Editor in 0.45 ms, found 0 plugins.
Preloading 0 native plugins for Editor in 0.00 ms.
Invoked RoslynAnalysisRunner static constructor.
RoslynAnalysisRunner will not be running.
RoslynAnalysisRunner has terminated.
Mono: successfully reloaded assembly
- Completed reload, in  0.658 seconds
Platform modules already initialized, skipping
Refreshing native plugins compatible for Editor in 0.82 ms, found 0 plugins.
Preloading 0 native plugins for Editor in 0.00 ms.
Unloading 1868 Unused Serialized files (Serialized files now loaded: 0)
System memory in use before: 82.8 MB.
System memory in use after: 82.9 MB.

Unloading 28 unused Assets to reduce memory usage. Loaded Objects now: 2330.
Total: 3.168500 ms (FindLiveObjects: 0.414400 ms CreateObjectMapping: 0.150900 ms MarkObjects: 2.570300 ms  DeleteObjects: 0.030800 ms)

AssetImportWorkerClient::OnTransportError - code=2 error=End of file
