Using pre-set license
Built from '2020.2/release' branch; Version is '2020.2.4f1 (becced5a802b) revision 12504301'; Using compiler version '192528614'; Build Type 'Release'
OS: 'Windows 10 Pro; OS build 26200.8246; Version 2009; 64bit' Language: 'es' Physical Memory: 31085 MB
BatchMode: 1, IsHumanControllingUs: 0, StartBugReporterOnCrash: 0, Is64bit: 1, IsPro: 0

 COMMAND LINE ARGUMENTS:
C:\Program Files\Unity\Hub\Editor\2020.2.4f1\Editor\Unity.exe
-adb2
-batchMode
-noUpm
-name
AssetImportWorker0
-projectPath
C:/Users/STEF/Desktop/nodulus-AP
-logFile
Logs/AssetImportWorker0.log
-srvPort
63897
Successfully changed project path to: C:/Users/STEF/Desktop/nodulus-AP
C:/Users/STEF/Desktop/nodulus-AP
Using Asset Import Pipeline V2.
Refreshing native plugins compatible for Editor in 52.03 ms, found 0 plugins.
Preloading 0 native plugins for Editor in 0.00 ms.
Initialize engine version: 2020.2.4f1 (becced5a802b)
[Subsystems] Discovering subsystems at path C:/Program Files/Unity/Hub/Editor/2020.2.4f1/Editor/Data/Resources/UnitySubsystems
[Subsystems] Discovering subsystems at path C:/Users/STEF/Desktop/nodulus-AP/Assets
GfxDevice: creating device client; threaded=0
Direct3D:
    Version:  Direct3D 11.0 [level 11.1]
    Renderer: NVIDIA GeForce RTX 4060 (ID=0x2882)
    Vendor:   
    VRAM:     7957 MB
    Driver:   32.0.15.7652
Initialize mono
Mono path[0] = 'C:/Program Files/Unity/Hub/Editor/2020.2.4f1/Editor/Data/Managed'
Mono path[1] = 'C:/Program Files/Unity/Hub/Editor/2020.2.4f1/Editor/Data/MonoBleedingEdge/lib/mono/unityjit'
Mono config path = 'C:/Program Files/Unity/Hub/Editor/2020.2.4f1/Editor/Data/MonoBleedingEdge/etc'
Using monoOptions --debugger-agent=transport=dt_socket,embedding=1,server=y,suspend=n,address=127.0.0.1:56872
Begin MonoManager ReloadAssembly
Registering precompiled unity dll's ...
Register platform support module: C:/Program Files/Unity/Hub/Editor/2020.2.4f1/Editor/Data/PlaybackEngines/WindowsStandaloneSupport/UnityEditor.WindowsStandalone.Extensions.dll
Registered in 0.001682 seconds.
Native extension for WindowsStandalone target not found
Refreshing native plugins compatible for Editor in 39.64 ms, found 0 plugins.
Preloading 0 native plugins for Editor in 0.00 ms.
Invoked RoslynAnalysisRunner static constructor.
RoslynAnalysisRunner will not be running.
RoslynAnalysisRunner has terminated.
Mono: successfully reloaded assembly
- Completed reload, in  0.995 seconds
Platform modules already initialized, skipping
Registering precompiled user dll's ...
Registered in 0.003973 seconds.
Begin MonoManager ReloadAssembly
Native extension for WindowsStandalone target not found
Refreshing native plugins compatible for Editor in 0.45 ms, found 0 plugins.
Preloading 0 native plugins for Editor in 0.00 ms.
Invoked RoslynAnalysisRunner static constructor.
RoslynAnalysisRunner will not be running.
RoslynAnalysisRunner has terminated.
Mono: successfully reloaded assembly
- Completed reload, in  0.748 seconds
Platform modules already initialized, skipping
========================================================================
Worker process is ready to serve import requests
Launched and connected shader compiler UnityShaderCompiler.exe after 0.03 seconds
Refreshing native plugins compatible for Editor in 0.77 ms, found 0 plugins.
Preloading 0 native plugins for Editor in 0.00 ms.
Unloading 1898 Unused Serialized files (Serialized files now loaded: 0)
System memory in use before: 84.9 MB.
System memory in use after: 85.0 MB.

Unloading 37 unused Assets to reduce memory usage. Loaded Objects now: 2327.
Total: 3.281800 ms (FindLiveObjects: 0.479900 ms CreateObjectMapping: 0.224000 ms MarkObjects: 2.492000 ms  DeleteObjects: 0.084000 ms)

========================================================================
Received Import Request.
  path: Assets/_Scenes/NodulusGame.unity
  artifactKey: Guid(7100d625d5becc142b514703766c9e59) Importer(815301076,1909f56bfc062723c751e8b465ee728b)
Start importing Assets/_Scenes/NodulusGame.unity using Guid(7100d625d5becc142b514703766c9e59) Importer(815301076,1909f56bfc062723c751e8b465ee728b)  -> (artifact id: '62559bb78093de8213ff41d8ec0e594b') in 0.024726 seconds
  Import took 0.029091 seconds .

========================================================================
Received Prepare
Registering precompiled user dll's ...
Registered in 0.003293 seconds.
Begin MonoManager ReloadAssembly
Native extension for WindowsStandalone target not found
Refreshing native plugins compatible for Editor in 0.44 ms, found 0 plugins.
Preloading 0 native plugins for Editor in 0.00 ms.
Invoked RoslynAnalysisRunner static constructor.
RoslynAnalysisRunner will not be running.
RoslynAnalysisRunner has terminated.
Mono: successfully reloaded assembly
- Completed reload, in  0.653 seconds
Platform modules already initialized, skipping
Refreshing native plugins compatible for Editor in 0.76 ms, found 0 plugins.
Preloading 0 native plugins for Editor in 0.00 ms.
Unloading 1867 Unused Serialized files (Serialized files now loaded: 0)
System memory in use before: 82.7 MB.
System memory in use after: 82.8 MB.

Unloading 28 unused Assets to reduce memory usage. Loaded Objects now: 2329.
Total: 3.056900 ms (FindLiveObjects: 0.370700 ms CreateObjectMapping: 0.137800 ms MarkObjects: 2.514400 ms  DeleteObjects: 0.032900 ms)

========================================================================
Received Import Request.
  Time since last request: 143.412109 seconds.
  path: Assets/Scripts/View/Control/NewAudio/Synthambient.cs
  artifactKey: Guid(67b44b01ebe76144dad19fb4dfbf09ba) Importer(815301076,1909f56bfc062723c751e8b465ee728b)
Start importing Assets/Scripts/View/Control/NewAudio/Synthambient.cs using Guid(67b44b01ebe76144dad19fb4dfbf09ba) Importer(815301076,1909f56bfc062723c751e8b465ee728b)  -> (artifact id: '3fc19bd50ab9c5779e7331853f2440c7') in 0.028000 seconds
  Import took 0.030973 seconds .

========================================================================
Received Import Request.
  Time since last request: 0.001876 seconds.
  path: Assets/Scripts/View/Control/NewAudio/Synthambient.cs
  artifactKey: Guid(67b44b01ebe76144dad19fb4dfbf09ba) Importer(815301076,1909f56bfc062723c751e8b465ee728b)
Start importing Assets/Scripts/View/Control/NewAudio/Synthambient.cs using Guid(67b44b01ebe76144dad19fb4dfbf09ba) Importer(815301076,1909f56bfc062723c751e8b465ee728b)  -> (artifact id: '3fc19bd50ab9c5779e7331853f2440c7') in 0.003291 seconds
  Import took 0.006546 seconds .

========================================================================
Received Prepare
Registering precompiled user dll's ...
Registered in 0.004158 seconds.
Begin MonoManager ReloadAssembly
Native extension for WindowsStandalone target not found
Refreshing native plugins compatible for Editor in 0.46 ms, found 0 plugins.
Preloading 0 native plugins for Editor in 0.00 ms.
Invoked RoslynAnalysisRunner static constructor.
RoslynAnalysisRunner will not be running.
RoslynAnalysisRunner has terminated.
Mono: successfully reloaded assembly
- Completed reload, in  0.687 seconds
Platform modules already initialized, skipping
Refreshing native plugins compatible for Editor in 0.81 ms, found 0 plugins.
Preloading 0 native plugins for Editor in 0.00 ms.
Unloading 1867 Unused Serialized files (Serialized files now loaded: 0)
System memory in use before: 82.7 MB.
System memory in use after: 82.8 MB.

Unloading 28 unused Assets to reduce memory usage. Loaded Objects now: 2331.
Total: 3.928700 ms (FindLiveObjects: 0.509600 ms CreateObjectMapping: 0.197300 ms MarkObjects: 3.181500 ms  DeleteObjects: 0.038400 ms)

========================================================================
Received Import Request.
  Time since last request: 24.806106 seconds.
  path: Assets/Scripts/View/Control/NewAudio/Synthambient.cs
  artifactKey: Guid(67b44b01ebe76144dad19fb4dfbf09ba) Importer(815301076,1909f56bfc062723c751e8b465ee728b)
Start importing Assets/Scripts/View/Control/NewAudio/Synthambient.cs using Guid(67b44b01ebe76144dad19fb4dfbf09ba) Importer(815301076,1909f56bfc062723c751e8b465ee728b)  -> (artifact id: '95d7bd88f86825dda3bd7275a0e9cd58') in 0.006953 seconds
  Import took 0.011289 seconds .

========================================================================
Received Import Request.
  Time since last request: 24.596891 seconds.
  path: Assets/Scripts/View/Items/SimpleRotator.cs
  artifactKey: Guid(a07fadf910b3c7a4693e31baf46b384f) Importer(815301076,1909f56bfc062723c751e8b465ee728b)
Start importing Assets/Scripts/View/Items/SimpleRotator.cs using Guid(a07fadf910b3c7a4693e31baf46b384f) Importer(815301076,1909f56bfc062723c751e8b465ee728b)  -> (artifact id: '4d233930c2fd89e0d59b0f44e7b9ef50') in 0.007550 seconds
  Import took 0.010157 seconds .

========================================================================
Received Import Request.
  Time since last request: 0.001560 seconds.
  path: Assets/Scripts/View/Items/SimpleRotator.cs
  artifactKey: Guid(a07fadf910b3c7a4693e31baf46b384f) Importer(815301076,1909f56bfc062723c751e8b465ee728b)
Start importing Assets/Scripts/View/Items/SimpleRotator.cs using Guid(a07fadf910b3c7a4693e31baf46b384f) Importer(815301076,1909f56bfc062723c751e8b465ee728b)  -> (artifact id: '4d233930c2fd89e0d59b0f44e7b9ef50') in 0.002254 seconds
  Import took 0.004946 seconds .

========================================================================
Received Import Request.
  Time since last request: 0.647325 seconds.
  path: Assets/Scripts/View/Items/ScaleScript.cs
  artifactKey: Guid(06886d6a0c005714e9b6a9a364f040fe) Importer(815301076,1909f56bfc062723c751e8b465ee728b)
Start importing Assets/Scripts/View/Items/ScaleScript.cs using Guid(06886d6a0c005714e9b6a9a364f040fe) Importer(815301076,1909f56bfc062723c751e8b465ee728b)  -> (artifact id: 'ba62a9b6d9f86372c98a917bc3f462d5') in 0.007644 seconds
  Import took 0.010336 seconds .

========================================================================
Received Import Request.
  Time since last request: 0.482788 seconds.
  path: Assets/Scripts/View/Items/ArcView.cs
  artifactKey: Guid(0f6f57b0422e90047a5c9542719781ad) Importer(815301076,1909f56bfc062723c751e8b465ee728b)
Start importing Assets/Scripts/View/Items/ArcView.cs using Guid(0f6f57b0422e90047a5c9542719781ad) Importer(815301076,1909f56bfc062723c751e8b465ee728b)  -> (artifact id: '744399bd23d07897fc2dd44df865b6be') in 0.010892 seconds
  Import took 0.014553 seconds .

========================================================================
Received Import Request.
  Time since last request: 143.255687 seconds.
  path: Assets/Prefabs/Background/Backdrop.prefab
  artifactKey: Guid(f3f895105c53fbf489a68593b1c4ee31) Importer(815301076,1909f56bfc062723c751e8b465ee728b)
Start importing Assets/Prefabs/Background/Backdrop.prefab using Guid(f3f895105c53fbf489a68593b1c4ee31) Importer(815301076,1909f56bfc062723c751e8b465ee728b)  -> (artifact id: '3b61c0fdcdb663a19f6e4f93e8060537') in 0.071045 seconds
  Import took 0.073775 seconds .

========================================================================
Received Import Request.
  Time since last request: 0.000223 seconds.
  path: Assets/Prefabs/Background/GridPoint.prefab
  artifactKey: Guid(5158d5f4df2e15d4ba3c5e8855f8f952) Importer(815301076,1909f56bfc062723c751e8b465ee728b)
Start importing Assets/Prefabs/Background/GridPoint.prefab using Guid(5158d5f4df2e15d4ba3c5e8855f8f952) Importer(815301076,1909f56bfc062723c751e8b465ee728b)  -> (artifact id: '8762f76db08827648651d685a2909a86') in 0.082189 seconds
  Import took 0.084700 seconds .

========================================================================
Received Import Request.
  Time since last request: 0.000235 seconds.
  path: Assets/Prefabs/Background/Floating Particles.prefab
  artifactKey: Guid(eb6cb939c29f81140beed990d1561448) Importer(815301076,1909f56bfc062723c751e8b465ee728b)
Start importing Assets/Prefabs/Background/Floating Particles.prefab using Guid(eb6cb939c29f81140beed990d1561448) Importer(815301076,1909f56bfc062723c751e8b465ee728b)  -> (artifact id: '38b1a9e2cf5a0207b8853bc565334ab0') in 0.006428 seconds
  Import took 0.009001 seconds .

========================================================================
Received Import Request.
  Time since last request: 0.000248 seconds.
  path: Assets/Prefabs/Background/Dust Particles.prefab
  artifactKey: Guid(1de378dbd9ce1fe43812f2e06ce1ef0a) Importer(815301076,1909f56bfc062723c751e8b465ee728b)
Start importing Assets/Prefabs/Background/Dust Particles.prefab using Guid(1de378dbd9ce1fe43812f2e06ce1ef0a) Importer(815301076,1909f56bfc062723c751e8b465ee728b)  -> (artifact id: '3cdd1e295f98a45f7d7af0c59501af6b') in 0.008851 seconds
  Import took 0.011471 seconds .

========================================================================
Received Import Request.
  Time since last request: 0.000169 seconds.
  path: Assets/Prefabs/Background/GridLine.prefab
  artifactKey: Guid(494d448acf96dc641b3c5e53a1005cbf) Importer(815301076,1909f56bfc062723c751e8b465ee728b)
Start importing Assets/Prefabs/Background/GridLine.prefab using Guid(494d448acf96dc641b3c5e53a1005cbf) Importer(815301076,1909f56bfc062723c751e8b465ee728b)  -> (artifact id: '5cc58218accc514e3609053ec4bd6d61') in 0.014869 seconds
  Import took 0.017492 seconds .

========================================================================
Received Import Request.
  Time since last request: 0.562532 seconds.
  path: Assets/Prefabs/Game/Arc.prefab
  artifactKey: Guid(85b21cef10b137743a7283301dc9192c) Importer(815301076,1909f56bfc062723c751e8b465ee728b)
Start importing Assets/Prefabs/Game/Arc.prefab using Guid(85b21cef10b137743a7283301dc9192c) Importer(815301076,1909f56bfc062723c751e8b465ee728b)  -> (artifact id: '0970499f0abd4dd11f9a6037516dd364') in 0.012896 seconds
  Import took 0.015683 seconds .

========================================================================
Received Import Request.
  Time since last request: 0.000179 seconds.
  path: Assets/Prefabs/Game/Rubix.prefab
  artifactKey: Guid(3da873c631d748e4092893cccbd64beb) Importer(815301076,1909f56bfc062723c751e8b465ee728b)
Start importing Assets/Prefabs/Game/Rubix.prefab using Guid(3da873c631d748e4092893cccbd64beb) Importer(815301076,1909f56bfc062723c751e8b465ee728b)  -> (artifact id: '9d553c45c0f476430c124f2b305c41fb') in 0.114163 seconds
  Import took 0.117142 seconds .

========================================================================
Received Import Request.
  Time since last request: 0.000210 seconds.
  path: Assets/Prefabs/Game/Checkmark.prefab
  artifactKey: Guid(b2f4fa4fb4b9e9e4fb377daf364fa896) Importer(815301076,1909f56bfc062723c751e8b465ee728b)
Start importing Assets/Prefabs/Game/Checkmark.prefab using Guid(b2f4fa4fb4b9e9e4fb377daf364fa896) Importer(815301076,1909f56bfc062723c751e8b465ee728b)  -> (artifact id: 'c66ffbc828e24afe882cbb0fe8cd30e0') in 0.013682 seconds
  Import took 0.017153 seconds .

========================================================================
Received Import Request.
  Time since last request: 0.000213 seconds.
  path: Assets/Prefabs/Game/Marker.prefab
  artifactKey: Guid(9ba240412bfabcb45bd683084b4d8b33) Importer(815301076,1909f56bfc062723c751e8b465ee728b)
Start importing Assets/Prefabs/Game/Marker.prefab using Guid(9ba240412bfabcb45bd683084b4d8b33) Importer(815301076,1909f56bfc062723c751e8b465ee728b)  -> (artifact id: '867a1127c2038eee9791d3980dff7a2a') in 0.012270 seconds
  Import took 0.015096 seconds .

========================================================================
Received Import Request.
  Time since last request: 0.000171 seconds.
  path: Assets/Prefabs/Game/Crossmark.prefab
  artifactKey: Guid(f51c92c17e2148d48a296ba03ba4bba7) Importer(815301076,1909f56bfc062723c751e8b465ee728b)
Start importing Assets/Prefabs/Game/Crossmark.prefab using Guid(f51c92c17e2148d48a296ba03ba4bba7) Importer(815301076,1909f56bfc062723c751e8b465ee728b)  -> (artifact id: '8733be649c2be23d3f4ff16040939a0a') in 0.026668 seconds
  Import took 0.030038 seconds .

========================================================================
Received Import Request.
  Time since last request: 0.000214 seconds.
  path: Assets/Prefabs/Game/CursorSwipe.prefab
  artifactKey: Guid(33f7a803931a6434a8855e937e561642) Importer(815301076,1909f56bfc062723c751e8b465ee728b)
Start importing Assets/Prefabs/Game/CursorSwipe.prefab using Guid(33f7a803931a6434a8855e937e561642) Importer(815301076,1909f56bfc062723c751e8b465ee728b)  -> (artifact id: '417d9eea7be192ae7a6bd99aa342a89b') in 0.014204 seconds
  Import took 0.016839 seconds .

========================================================================
Received Import Request.
  Time since last request: 0.000173 seconds.
  path: Assets/Prefabs/Game/Node.prefab
  artifactKey: Guid(707bc634ba834f144b48d32380f79d9c) Importer(815301076,1909f56bfc062723c751e8b465ee728b)
Start importing Assets/Prefabs/Game/Node.prefab using Guid(707bc634ba834f144b48d32380f79d9c) Importer(815301076,1909f56bfc062723c751e8b465ee728b)  -> (artifact id: '285b1ddae868400eef75394ebb3d9c6a') in 0.016896 seconds
  Import took 0.020130 seconds .

========================================================================
Received Import Request.
  Time since last request: 0.000175 seconds.
  path: Assets/Prefabs/Game/Field.prefab
  artifactKey: Guid(00e7f51f278c6c147bacb5c1d272789b) Importer(815301076,1909f56bfc062723c751e8b465ee728b)
Start importing Assets/Prefabs/Game/Field.prefab using Guid(00e7f51f278c6c147bacb5c1d272789b) Importer(815301076,1909f56bfc062723c751e8b465ee728b)  -> (artifact id: '7d04a1c48186af094d96e5062669f48a') in 0.014500 seconds
  Import took 0.017200 seconds .

========================================================================
Received Import Request.
  Time since last request: 0.000217 seconds.
  path: Assets/Prefabs/Game/PuzzleGame.prefab
  artifactKey: Guid(17abc24b0011c58409250285c2ee0477) Importer(815301076,1909f56bfc062723c751e8b465ee728b)
Start importing Assets/Prefabs/Game/PuzzleGame.prefab using Guid(17abc24b0011c58409250285c2ee0477) Importer(815301076,1909f56bfc062723c751e8b465ee728b)  -> (artifact id: 'dcc13d04f84c801d28d83db8a7758807') in 0.028968 seconds
  Import took 0.032105 seconds .

========================================================================
Received Import Request.
  Time since last request: 0.865942 seconds.
  path: Assets/Prefabs/UI/CubeButton.prefab
  artifactKey: Guid(1687e30d77af06b45b701206bae0b661) Importer(815301076,1909f56bfc062723c751e8b465ee728b)
Start importing Assets/Prefabs/UI/CubeButton.prefab using Guid(1687e30d77af06b45b701206bae0b661) Importer(815301076,1909f56bfc062723c751e8b465ee728b)  -> (artifact id: '0597fd6fd4720751f751060818058847') in 0.011740 seconds
  Import took 0.014559 seconds .

========================================================================
Received Import Request.
  Time since last request: 0.000224 seconds.
  path: Assets/Prefabs/UI/DigitalDisplay.prefab
  artifactKey: Guid(6ad13ead4084b084da745658fcd98a31) Importer(815301076,1909f56bfc062723c751e8b465ee728b)
Start importing Assets/Prefabs/UI/DigitalDisplay.prefab using Guid(6ad13ead4084b084da745658fcd98a31) Importer(815301076,1909f56bfc062723c751e8b465ee728b)  -> (artifact id: 'd3ef9cd8a1fe45257c4bda6c81b7d0ea') in 0.010643 seconds
  Import took 0.013538 seconds .

========================================================================
Received Import Request.
  Time since last request: 0.000175 seconds.
  path: Assets/Prefabs/UI/SwipeIndicator.prefab
  artifactKey: Guid(b10f818f1cc3dd6469288e6adf63aebb) Importer(815301076,1909f56bfc062723c751e8b465ee728b)
Start importing Assets/Prefabs/UI/SwipeIndicator.prefab using Guid(b10f818f1cc3dd6469288e6adf63aebb) Importer(815301076,1909f56bfc062723c751e8b465ee728b)  -> (artifact id: '488e34697ac3db6d3ffe4fdd152474cf') in 0.014816 seconds
  Import took 0.017750 seconds .

========================================================================
Received Import Request.
  Time since last request: 0.000176 seconds.
  path: Assets/Prefabs/UI/WedgeButton.prefab
  artifactKey: Guid(40fbed27364933d4fa9e40d503fc2b12) Importer(815301076,1909f56bfc062723c751e8b465ee728b)
Start importing Assets/Prefabs/UI/WedgeButton.prefab using Guid(40fbed27364933d4fa9e40d503fc2b12) Importer(815301076,1909f56bfc062723c751e8b465ee728b)  -> (artifact id: 'bbbea16f7fca7bb0790580ed488dbbbd') in 0.014614 seconds
  Import took 0.017415 seconds .

========================================================================
Received Import Request.
  Time since last request: 3.979306 seconds.
  path: Assets/Prefabs/OSC_Prefab.prefab
  artifactKey: Guid(c471f0d1de01beb41a32bb9ffe75fe4e) Importer(815301076,1909f56bfc062723c751e8b465ee728b)
Start importing Assets/Prefabs/OSC_Prefab.prefab using Guid(c471f0d1de01beb41a32bb9ffe75fe4e) Importer(815301076,1909f56bfc062723c751e8b465ee728b)  -> (artifact id: 'bb7f1ac4b4317dddba2f13e955e2ccfa') in 0.008953 seconds
  Import took 0.011943 seconds .

========================================================================
Received Import Request.
  Time since last request: 0.000340 seconds.
  path: Assets/Prefabs/OSC_Prefab.prefab
  artifactKey: Guid(c471f0d1de01beb41a32bb9ffe75fe4e) Importer(815301076,1909f56bfc062723c751e8b465ee728b)
Start importing Assets/Prefabs/OSC_Prefab.prefab using Guid(c471f0d1de01beb41a32bb9ffe75fe4e) Importer(815301076,1909f56bfc062723c751e8b465ee728b)  -> (artifact id: 'bb7f1ac4b4317dddba2f13e955e2ccfa') in 0.007583 seconds
  Import took 0.010316 seconds .

========================================================================
Received Import Request.
  Time since last request: 126.335668 seconds.
  path: Assets/Scripts/View/Control/NewAudio/SynthAmbient.cs
  artifactKey: Guid(67b44b01ebe76144dad19fb4dfbf09ba) Importer(815301076,1909f56bfc062723c751e8b465ee728b)
Start importing Assets/Scripts/View/Control/NewAudio/SynthAmbient.cs using Guid(67b44b01ebe76144dad19fb4dfbf09ba) Importer(815301076,1909f56bfc062723c751e8b465ee728b)  -> (artifact id: 'c0608543f1b6e240e2d1d2783a4f512c') in 0.008591 seconds
  Import took 0.012414 seconds .

========================================================================
Received Prepare
Registering precompiled user dll's ...
Registered in 0.003234 seconds.
Begin MonoManager ReloadAssembly
Native extension for WindowsStandalone target not found
Refreshing native plugins compatible for Editor in 0.44 ms, found 0 plugins.
Preloading 0 native plugins for Editor in 0.00 ms.
Invoked RoslynAnalysisRunner static constructor.
RoslynAnalysisRunner will not be running.
RoslynAnalysisRunner has terminated.
Mono: successfully reloaded assembly
- Completed reload, in  0.657 seconds
Platform modules already initialized, skipping
Refreshing native plugins compatible for Editor in 0.76 ms, found 0 plugins.
Preloading 0 native plugins for Editor in 0.00 ms.
Unloading 1867 Unused Serialized files (Serialized files now loaded: 0)
System memory in use before: 86.2 MB.
System memory in use after: 86.3 MB.

Unloading 28 unused Assets to reduce memory usage. Loaded Objects now: 2341.
Total: 3.267900 ms (FindLiveObjects: 0.400800 ms CreateObjectMapping: 0.178100 ms MarkObjects: 2.659000 ms  DeleteObjects: 0.028700 ms)

========================================================================
Received Prepare
Registering precompiled user dll's ...
Registered in 0.006215 seconds.
Begin MonoManager ReloadAssembly
Native extension for WindowsStandalone target not found
Refreshing native plugins compatible for Editor in 0.55 ms, found 0 plugins.
Preloading 0 native plugins for Editor in 0.00 ms.
Invoked RoslynAnalysisRunner static constructor.
RoslynAnalysisRunner will not be running.
RoslynAnalysisRunner has terminated.
Mono: successfully reloaded assembly
- Completed reload, in  1.129 seconds
Platform modules already initialized, skipping
Refreshing native plugins compatible for Editor in 0.85 ms, found 0 plugins.
Preloading 0 native plugins for Editor in 0.00 ms.
Unloading 1867 Unused Serialized files (Serialized files now loaded: 0)
System memory in use before: 86.2 MB.
System memory in use after: 86.3 MB.

Unloading 28 unused Assets to reduce memory usage. Loaded Objects now: 2343.
Total: 8.194400 ms (FindLiveObjects: 1.866900 ms CreateObjectMapping: 0.515000 ms MarkObjects: 5.767200 ms  DeleteObjects: 0.043400 ms)

========================================================================
Received Prepare
Registering precompiled user dll's ...
Registered in 0.003402 seconds.
Begin MonoManager ReloadAssembly
Native extension for WindowsStandalone target not found
Refreshing native plugins compatible for Editor in 0.44 ms, found 0 plugins.
Preloading 0 native plugins for Editor in 0.00 ms.
Invoked RoslynAnalysisRunner static constructor.
RoslynAnalysisRunner will not be running.
RoslynAnalysisRunner has terminated.
Mono: successfully reloaded assembly
- Completed reload, in  0.670 seconds
Platform modules already initialized, skipping
Refreshing native plugins compatible for Editor in 0.78 ms, found 0 plugins.
Preloading 0 native plugins for Editor in 0.00 ms.
Unloading 1867 Unused Serialized files (Serialized files now loaded: 0)
System memory in use before: 86.2 MB.
System memory in use after: 86.3 MB.

Unloading 28 unused Assets to reduce memory usage. Loaded Objects now: 2345.
Total: 2.296400 ms (FindLiveObjects: 0.247600 ms CreateObjectMapping: 0.089300 ms MarkObjects: 1.938800 ms  DeleteObjects: 0.019100 ms)

========================================================================
Received Prepare
Registering precompiled user dll's ...
Registered in 0.003559 seconds.
Begin MonoManager ReloadAssembly
Native extension for WindowsStandalone target not found
Refreshing native plugins compatible for Editor in 0.53 ms, found 0 plugins.
Preloading 0 native plugins for Editor in 0.00 ms.
Invoked RoslynAnalysisRunner static constructor.
RoslynAnalysisRunner will not be running.
RoslynAnalysisRunner has terminated.
Mono: successfully reloaded assembly
- Completed reload, in  0.723 seconds
Platform modules already initialized, skipping
Refreshing native plugins compatible for Editor in 0.67 ms, found 0 plugins.
Preloading 0 native plugins for Editor in 0.00 ms.
Unloading 1867 Unused Serialized files (Serialized files now loaded: 0)
System memory in use before: 86.2 MB.
System memory in use after: 86.3 MB.

Unloading 28 unused Assets to reduce memory usage. Loaded Objects now: 2347.
Total: 3.756800 ms (FindLiveObjects: 0.661700 ms CreateObjectMapping: 0.271000 ms MarkObjects: 2.791200 ms  DeleteObjects: 0.031400 ms)

========================================================================
Received Import Request.
  Time since last request: 579.028310 seconds.
  path: Assets/Prefabs/OSC_Prefab.prefab
  artifactKey: Guid(c471f0d1de01beb41a32bb9ffe75fe4e) Importer(815301076,1909f56bfc062723c751e8b465ee728b)
Start importing Assets/Prefabs/OSC_Prefab.prefab using Guid(c471f0d1de01beb41a32bb9ffe75fe4e) Importer(815301076,1909f56bfc062723c751e8b465ee728b)  -> (artifact id: '511955b07423ed42c7f5bb363cd34860') in 0.024564 seconds
  Import took 0.028004 seconds .

========================================================================
Received Prepare
Registering precompiled user dll's ...
Registered in 0.003362 seconds.
Begin MonoManager ReloadAssembly
Native extension for WindowsStandalone target not found
Refreshing native plugins compatible for Editor in 0.46 ms, found 0 plugins.
Preloading 0 native plugins for Editor in 0.00 ms.
Invoked RoslynAnalysisRunner static constructor.
RoslynAnalysisRunner will not be running.
RoslynAnalysisRunner has terminated.
Mono: successfully reloaded assembly
- Completed reload, in  0.660 seconds
Platform modules already initialized, skipping
Refreshing native plugins compatible for Editor in 0.77 ms, found 0 plugins.
Preloading 0 native plugins for Editor in 0.00 ms.
Unloading 1867 Unused Serialized files (Serialized files now loaded: 0)
System memory in use before: 86.2 MB.
System memory in use after: 86.3 MB.

Unloading 28 unused Assets to reduce memory usage. Loaded Objects now: 2349.
Total: 2.079200 ms (FindLiveObjects: 0.327500 ms CreateObjectMapping: 0.138700 ms MarkObjects: 1.589100 ms  DeleteObjects: 0.022100 ms)

========================================================================
Received Prepare
Registering precompiled user dll's ...
Registered in 0.004724 seconds.
Begin MonoManager ReloadAssembly
Native extension for WindowsStandalone target not found
Refreshing native plugins compatible for Editor in 0.70 ms, found 0 plugins.
Preloading 0 native plugins for Editor in 0.00 ms.
Invoked RoslynAnalysisRunner static constructor.
RoslynAnalysisRunner will not be running.
RoslynAnalysisRunner has terminated.
Mono: successfully reloaded assembly
- Completed reload, in  1.023 seconds
Platform modules already initialized, skipping
Refreshing native plugins compatible for Editor in 1.15 ms, found 0 plugins.
Preloading 0 native plugins for Editor in 0.00 ms.
Unloading 1867 Unused Serialized files (Serialized files now loaded: 0)
System memory in use before: 86.2 MB.
System memory in use after: 86.4 MB.

Unloading 28 unused Assets to reduce memory usage. Loaded Objects now: 2351.
Total: 4.237800 ms (FindLiveObjects: 0.928300 ms CreateObjectMapping: 0.278600 ms MarkObjects: 3.003400 ms  DeleteObjects: 0.025300 ms)

========================================================================
Received Import Request.
  Time since last request: 280.309575 seconds.
  path: Assets/Scripts/View/Control/NewAudio/SynthSFX.cs
  artifactKey: Guid(62a283393c4f00f41b7e0b7ce1251d6f) Importer(815301076,1909f56bfc062723c751e8b465ee728b)
Start importing Assets/Scripts/View/Control/NewAudio/SynthSFX.cs using Guid(62a283393c4f00f41b7e0b7ce1251d6f) Importer(815301076,1909f56bfc062723c751e8b465ee728b)  -> (artifact id: '6df15fc88c6a551d51b2638b8129ca70') in 0.010901 seconds
  Import took 0.013949 seconds .

========================================================================
Received Import Request.
  Time since last request: 0.001275 seconds.
  path: Assets/Scripts/View/Control/NewAudio/SynthSFX.cs
  artifactKey: Guid(62a283393c4f00f41b7e0b7ce1251d6f) Importer(815301076,1909f56bfc062723c751e8b465ee728b)
Start importing Assets/Scripts/View/Control/NewAudio/SynthSFX.cs using Guid(62a283393c4f00f41b7e0b7ce1251d6f) Importer(815301076,1909f56bfc062723c751e8b465ee728b)  -> (artifact id: '6df15fc88c6a551d51b2638b8129ca70') in 0.002626 seconds
  Import took 0.005324 seconds .

========================================================================
Received Prepare
Registering precompiled user dll's ...
Registered in 0.003508 seconds.
Begin MonoManager ReloadAssembly
Native extension for WindowsStandalone target not found
Refreshing native plugins compatible for Editor in 0.44 ms, found 0 plugins.
Preloading 0 native plugins for Editor in 0.00 ms.
Invoked RoslynAnalysisRunner static constructor.
RoslynAnalysisRunner will not be running.
RoslynAnalysisRunner has terminated.
Mono: successfully reloaded assembly
- Completed reload, in  0.676 seconds
Platform modules already initialized, skipping
Refreshing native plugins compatible for Editor in 0.76 ms, found 0 plugins.
Preloading 0 native plugins for Editor in 0.00 ms.
Unloading 1867 Unused Serialized files (Serialized files now loaded: 0)
System memory in use before: 86.2 MB.
System memory in use after: 86.4 MB.

Unloading 28 unused Assets to reduce memory usage. Loaded Objects now: 2353.
Total: 2.794400 ms (FindLiveObjects: 0.348000 ms CreateObjectMapping: 0.140900 ms MarkObjects: 2.275700 ms  DeleteObjects: 0.028600 ms)

========================================================================
Received Prepare
Registering precompiled user dll's ...
Registered in 0.003250 seconds.
Begin MonoManager ReloadAssembly
Native extension for WindowsStandalone target not found
Refreshing native plugins compatible for Editor in 0.45 ms, found 0 plugins.
Preloading 0 native plugins for Editor in 0.00 ms.
Invoked RoslynAnalysisRunner static constructor.
RoslynAnalysisRunner will not be running.
RoslynAnalysisRunner has terminated.
Mono: successfully reloaded assembly
- Completed reload, in  0.644 seconds
Platform modules already initialized, skipping
Refreshing native plugins compatible for Editor in 0.48 ms, found 0 plugins.
Preloading 0 native plugins for Editor in 0.00 ms.
Unloading 1867 Unused Serialized files (Serialized files now loaded: 0)
System memory in use before: 86.3 MB.
System memory in use after: 86.4 MB.

Unloading 28 unused Assets to reduce memory usage. Loaded Objects now: 2355.
Total: 2.857800 ms (FindLiveObjects: 0.453300 ms CreateObjectMapping: 0.202300 ms MarkObjects: 2.163500 ms  DeleteObjects: 0.035100 ms)

========================================================================
Received Import Request.
  Time since last request: 143.950684 seconds.
  path: Assets/Scripts/View/Control/NewAudio
  artifactKey: Guid(50e617e0ca72ba84a86ccc5fbcb8385e) Importer(815301076,1909f56bfc062723c751e8b465ee728b)
Start importing Assets/Scripts/View/Control/NewAudio using Guid(50e617e0ca72ba84a86ccc5fbcb8385e) Importer(815301076,1909f56bfc062723c751e8b465ee728b)  -> (artifact id: 'c9313b7bc7fa0980f48fa25e00cde020') in 0.007533 seconds
  Import took 0.010954 seconds .

========================================================================
Received Import Request.
  Time since last request: 0.918473 seconds.
  path: Assets/Scripts/View/Control/NewAudio
  artifactKey: Guid(50e617e0ca72ba84a86ccc5fbcb8385e) Importer(815301076,1909f56bfc062723c751e8b465ee728b)
Start importing Assets/Scripts/View/Control/NewAudio using Guid(50e617e0ca72ba84a86ccc5fbcb8385e) Importer(815301076,1909f56bfc062723c751e8b465ee728b)  -> (artifact id: 'c9313b7bc7fa0980f48fa25e00cde020') in 0.002670 seconds
  Import took 0.005566 seconds .

========================================================================
Received Import Request.
  Time since last request: 5.646316 seconds.
  path: Assets/Scripts/View/Control/NewAudio/AudioTest.cs
  artifactKey: Guid(b141edbf84c35d84880fe55b7565182f) Importer(815301076,1909f56bfc062723c751e8b465ee728b)
Start importing Assets/Scripts/View/Control/NewAudio/AudioTest.cs using Guid(b141edbf84c35d84880fe55b7565182f) Importer(815301076,1909f56bfc062723c751e8b465ee728b)  -> (artifact id: 'e0cf6e72e2675936f2c5c0a89d36482a') in 0.009999 seconds
  Import took 0.013420 seconds .

========================================================================
Received Prepare
Registering precompiled user dll's ...
Registered in 0.003527 seconds.
Begin MonoManager ReloadAssembly
Native extension for WindowsStandalone target not found
Refreshing native plugins compatible for Editor in 0.47 ms, found 0 plugins.
Preloading 0 native plugins for Editor in 0.00 ms.
Invoked RoslynAnalysisRunner static constructor.
RoslynAnalysisRunner will not be running.
RoslynAnalysisRunner has terminated.
Mono: successfully reloaded assembly
- Completed reload, in  0.891 seconds
Platform modules already initialized, skipping
Refreshing native plugins compatible for Editor in 0.74 ms, found 0 plugins.
Preloading 0 native plugins for Editor in 0.00 ms.
Unloading 1868 Unused Serialized files (Serialized files now loaded: 0)
System memory in use before: 86.3 MB.
System memory in use after: 86.4 MB.

Unloading 28 unused Assets to reduce memory usage. Loaded Objects now: 2358.
Total: 2.496500 ms (FindLiveObjects: 0.360900 ms CreateObjectMapping: 0.146000 ms MarkObjects: 1.961800 ms  DeleteObjects: 0.026500 ms)

========================================================================
Received Prepare
Registering precompiled user dll's ...
Registered in 0.003297 seconds.
Begin MonoManager ReloadAssembly
Native extension for WindowsStandalone target not found
Refreshing native plugins compatible for Editor in 0.48 ms, found 0 plugins.
Preloading 0 native plugins for Editor in 0.00 ms.
Invoked RoslynAnalysisRunner static constructor.
RoslynAnalysisRunner will not be running.
RoslynAnalysisRunner has terminated.
Mono: successfully reloaded assembly
- Completed reload, in  0.666 seconds
Platform modules already initialized, skipping
Refreshing native plugins compatible for Editor in 0.46 ms, found 0 plugins.
Preloading 0 native plugins for Editor in 0.00 ms.
Unloading 1868 Unused Serialized files (Serialized files now loaded: 0)
System memory in use before: 86.3 MB.
System memory in use after: 86.4 MB.

Unloading 28 unused Assets to reduce memory usage. Loaded Objects now: 2360.
Total: 2.981200 ms (FindLiveObjects: 0.393800 ms CreateObjectMapping: 0.182700 ms MarkObjects: 2.369300 ms  DeleteObjects: 0.032400 ms)

========================================================================
Received Import Request.
  Time since last request: 14.415246 seconds.
  path: Assets/Scripts/View/Control/NewAudio/AudioTest.cs
  artifactKey: Guid(b141edbf84c35d84880fe55b7565182f) Importer(815301076,1909f56bfc062723c751e8b465ee728b)
Start importing Assets/Scripts/View/Control/NewAudio/AudioTest.cs using Guid(b141edbf84c35d84880fe55b7565182f) Importer(815301076,1909f56bfc062723c751e8b465ee728b)  -> (artifact id: 'ac6134dfcd658a3adb2b36fe9bcd0a54') in 0.006248 seconds
  Import took 0.009653 seconds .

========================================================================
Received Prepare
Registering precompiled user dll's ...
Registered in 0.003473 seconds.
Begin MonoManager ReloadAssembly
Native extension for WindowsStandalone target not found
Refreshing native plugins compatible for Editor in 0.45 ms, found 0 plugins.
Preloading 0 native plugins for Editor in 0.00 ms.
Invoked RoslynAnalysisRunner static constructor.
RoslynAnalysisRunner will not be running.
RoslynAnalysisRunner has terminated.
Mono: successfully reloaded assembly
- Completed reload, in  0.725 seconds
Platform modules already initialized, skipping
Refreshing native plugins compatible for Editor in 0.61 ms, found 0 plugins.
Preloading 0 native plugins for Editor in 0.00 ms.
Unloading 1867 Unused Serialized files (Serialized files now loaded: 0)
System memory in use before: 86.3 MB.
System memory in use after: 86.4 MB.

Unloading 29 unused Assets to reduce memory usage. Loaded Objects now: 2361.
Total: 2.814500 ms (FindLiveObjects: 0.384200 ms CreateObjectMapping: 0.167300 ms MarkObjects: 2.233800 ms  DeleteObjects: 0.027300 ms)

========================================================================
Received Prepare
Registering precompiled user dll's ...
Registered in 0.003386 seconds.
Begin MonoManager ReloadAssembly
Native extension for WindowsStandalone target not found
Refreshing native plugins compatible for Editor in 0.57 ms, found 0 plugins.
Preloading 0 native plugins for Editor in 0.00 ms.
Invoked RoslynAnalysisRunner static constructor.
RoslynAnalysisRunner will not be running.
RoslynAnalysisRunner has terminated.
Mono: successfully reloaded assembly
- Completed reload, in  0.731 seconds
Platform modules already initialized, skipping
Refreshing native plugins compatible for Editor in 0.78 ms, found 0 plugins.
Preloading 0 native plugins for Editor in 0.00 ms.
Unloading 1867 Unused Serialized files (Serialized files now loaded: 0)
System memory in use before: 86.3 MB.
System memory in use after: 86.4 MB.

Unloading 28 unused Assets to reduce memory usage. Loaded Objects now: 2363.
Total: 2.876600 ms (FindLiveObjects: 0.473600 ms CreateObjectMapping: 0.171100 ms MarkObjects: 2.199300 ms  DeleteObjects: 0.031100 ms)

========================================================================
Received Prepare
Registering precompiled user dll's ...
Registered in 0.003800 seconds.
Begin MonoManager ReloadAssembly
Native extension for WindowsStandalone target not found
Refreshing native plugins compatible for Editor in 0.53 ms, found 0 plugins.
Preloading 0 native plugins for Editor in 0.00 ms.
Invoked RoslynAnalysisRunner static constructor.
RoslynAnalysisRunner will not be running.
RoslynAnalysisRunner has terminated.
Mono: successfully reloaded assembly
- Completed reload, in  0.650 seconds
Platform modules already initialized, skipping
Refreshing native plugins compatible for Editor in 0.82 ms, found 0 plugins.
Preloading 0 native plugins for Editor in 0.00 ms.
Unloading 1867 Unused Serialized files (Serialized files now loaded: 0)
System memory in use before: 86.3 MB.
System memory in use after: 86.4 MB.

Unloading 28 unused Assets to reduce memory usage. Loaded Objects now: 2365.
Total: 2.786800 ms (FindLiveObjects: 0.241200 ms CreateObjectMapping: 0.086600 ms MarkObjects: 2.426800 ms  DeleteObjects: 0.030900 ms)

========================================================================
Received Prepare
Registering precompiled user dll's ...
Registered in 0.003413 seconds.
Begin MonoManager ReloadAssembly
Native extension for WindowsStandalone target not found
Refreshing native plugins compatible for Editor in 0.58 ms, found 0 plugins.
Preloading 0 native plugins for Editor in 0.00 ms.
Invoked RoslynAnalysisRunner static constructor.
RoslynAnalysisRunner will not be running.
RoslynAnalysisRunner has terminated.
Mono: successfully reloaded assembly
- Completed reload, in  0.834 seconds
Platform modules already initialized, skipping
Refreshing native plugins compatible for Editor in 0.99 ms, found 0 plugins.
Preloading 0 native plugins for Editor in 0.00 ms.
Unloading 1867 Unused Serialized files (Serialized files now loaded: 0)
System memory in use before: 86.3 MB.
System memory in use after: 86.4 MB.

Unloading 28 unused Assets to reduce memory usage. Loaded Objects now: 2367.
Total: 4.259300 ms (FindLiveObjects: 0.544100 ms CreateObjectMapping: 0.343800 ms MarkObjects: 3.329300 ms  DeleteObjects: 0.039600 ms)

========================================================================
Received Prepare
Registering precompiled user dll's ...
Registered in 0.003322 seconds.
Begin MonoManager ReloadAssembly
Native extension for WindowsStandalone target not found
Refreshing native plugins compatible for Editor in 0.44 ms, found 0 plugins.
Preloading 0 native plugins for Editor in 0.00 ms.
Invoked RoslynAnalysisRunner static constructor.
RoslynAnalysisRunner will not be running.
RoslynAnalysisRunner has terminated.
Mono: successfully reloaded assembly
- Completed reload, in  0.660 seconds
Platform modules already initialized, skipping
Refreshing native plugins compatible for Editor in 0.89 ms, found 0 plugins.
Preloading 0 native plugins for Editor in 0.00 ms.
Unloading 1867 Unused Serialized files (Serialized files now loaded: 0)
System memory in use before: 86.3 MB.
System memory in use after: 86.4 MB.

Unloading 28 unused Assets to reduce memory usage. Loaded Objects now: 2369.
Total: 3.585400 ms (FindLiveObjects: 0.747600 ms CreateObjectMapping: 0.213500 ms MarkObjects: 2.586300 ms  DeleteObjects: 0.035700 ms)

========================================================================
Received Prepare
Registering precompiled user dll's ...
Registered in 0.003850 seconds.
Begin MonoManager ReloadAssembly
Native extension for WindowsStandalone target not found
Refreshing native plugins compatible for Editor in 0.44 ms, found 0 plugins.
Preloading 0 native plugins for Editor in 0.00 ms.
Invoked RoslynAnalysisRunner static constructor.
RoslynAnalysisRunner will not be running.
RoslynAnalysisRunner has terminated.
Mono: successfully reloaded assembly
- Completed reload, in  0.658 seconds
Platform modules already initialized, skipping
Refreshing native plugins compatible for Editor in 0.80 ms, found 0 plugins.
Preloading 0 native plugins for Editor in 0.00 ms.
Unloading 1867 Unused Serialized files (Serialized files now loaded: 0)
System memory in use before: 86.3 MB.
System memory in use after: 86.4 MB.

Unloading 28 unused Assets to reduce memory usage. Loaded Objects now: 2371.
Total: 2.704300 ms (FindLiveObjects: 0.350000 ms CreateObjectMapping: 0.146700 ms MarkObjects: 2.173400 ms  DeleteObjects: 0.032900 ms)

========================================================================
Received Prepare
Registering precompiled user dll's ...
Registered in 0.003347 seconds.
Begin MonoManager ReloadAssembly
Native extension for WindowsStandalone target not found
Refreshing native plugins compatible for Editor in 0.44 ms, found 0 plugins.
Preloading 0 native plugins for Editor in 0.00 ms.
Invoked RoslynAnalysisRunner static constructor.
RoslynAnalysisRunner will not be running.
RoslynAnalysisRunner has terminated.
Mono: successfully reloaded assembly
- Completed reload, in  0.645 seconds
Platform modules already initialized, skipping
Refreshing native plugins compatible for Editor in 0.88 ms, found 0 plugins.
Preloading 0 native plugins for Editor in 0.00 ms.
Unloading 1867 Unused Serialized files (Serialized files now loaded: 0)
System memory in use before: 86.3 MB.
System memory in use after: 86.4 MB.

Unloading 28 unused Assets to reduce memory usage. Loaded Objects now: 2373.
Total: 2.909100 ms (FindLiveObjects: 0.447300 ms CreateObjectMapping: 0.198500 ms MarkObjects: 2.238100 ms  DeleteObjects: 0.023800 ms)

========================================================================
Received Import Request.
  Time since last request: 691.653945 seconds.
  path: Assets/Scripts/View/Control/NewAudio/AudioTestAislado.cs
  artifactKey: Guid(f2eb3d3fb870f534f83585413b7177c5) Importer(815301076,1909f56bfc062723c751e8b465ee728b)
Start importing Assets/Scripts/View/Control/NewAudio/AudioTestAislado.cs using Guid(f2eb3d3fb870f534f83585413b7177c5) Importer(815301076,1909f56bfc062723c751e8b465ee728b)  -> (artifact id: 'b3ea7039d95ed15f6a204695a8a7730f') in 0.011673 seconds
  Import took 0.014531 seconds .

========================================================================
Received Import Request.
  Time since last request: 0.002092 seconds.
  path: Assets/Scripts/View/Control/NewAudio/AudioTestAislado.cs
  artifactKey: Guid(f2eb3d3fb870f534f83585413b7177c5) Importer(815301076,1909f56bfc062723c751e8b465ee728b)
Start importing Assets/Scripts/View/Control/NewAudio/AudioTestAislado.cs using Guid(f2eb3d3fb870f534f83585413b7177c5) Importer(815301076,1909f56bfc062723c751e8b465ee728b)  -> (artifact id: 'b3ea7039d95ed15f6a204695a8a7730f') in 0.002914 seconds
  Import took 0.005909 seconds .

========================================================================
Received Prepare
Registering precompiled user dll's ...
Registered in 0.003809 seconds.
Begin MonoManager ReloadAssembly
Native extension for WindowsStandalone target not found
Refreshing native plugins compatible for Editor in 0.46 ms, found 0 plugins.
Preloading 0 native plugins for Editor in 0.00 ms.
Invoked RoslynAnalysisRunner static constructor.
RoslynAnalysisRunner will not be running.
RoslynAnalysisRunner has terminated.
Mono: successfully reloaded assembly
- Completed reload, in  0.819 seconds
Platform modules already initialized, skipping
Refreshing native plugins compatible for Editor in 1.14 ms, found 0 plugins.
Preloading 0 native plugins for Editor in 0.00 ms.
Unloading 1868 Unused Serialized files (Serialized files now loaded: 0)
System memory in use before: 86.3 MB.
System memory in use after: 86.5 MB.

Unloading 28 unused Assets to reduce memory usage. Loaded Objects now: 2376.
Total: 4.877900 ms (FindLiveObjects: 0.502000 ms CreateObjectMapping: 0.300400 ms MarkObjects: 4.026400 ms  DeleteObjects: 0.047400 ms)

========================================================================
Received Prepare
Registering precompiled user dll's ...
Registered in 0.003320 seconds.
Begin MonoManager ReloadAssembly
Native extension for WindowsStandalone target not found
Refreshing native plugins compatible for Editor in 0.54 ms, found 0 plugins.
Preloading 0 native plugins for Editor in 0.00 ms.
Invoked RoslynAnalysisRunner static constructor.
RoslynAnalysisRunner will not be running.
RoslynAnalysisRunner has terminated.
Mono: successfully reloaded assembly
- Completed reload, in  0.686 seconds
Platform modules already initialized, skipping
Refreshing native plugins compatible for Editor in 0.80 ms, found 0 plugins.
Preloading 0 native plugins for Editor in 0.00 ms.
Unloading 1868 Unused Serialized files (Serialized files now loaded: 0)
System memory in use before: 86.4 MB.
System memory in use after: 86.5 MB.

Unloading 28 unused Assets to reduce memory usage. Loaded Objects now: 2378.
Total: 3.286500 ms (FindLiveObjects: 0.379600 ms CreateObjectMapping: 0.173900 ms MarkObjects: 2.704000 ms  DeleteObjects: 0.027500 ms)

========================================================================
Received Import Request.
  Time since last request: 20.757072 seconds.
  path: Assets/Scripts/View/Control/NewAudio/AudioTestAislado.cs
  artifactKey: Guid(f2eb3d3fb870f534f83585413b7177c5) Importer(815301076,1909f56bfc062723c751e8b465ee728b)
Start importing Assets/Scripts/View/Control/NewAudio/AudioTestAislado.cs using Guid(f2eb3d3fb870f534f83585413b7177c5) Importer(815301076,1909f56bfc062723c751e8b465ee728b)  -> (artifact id: 'fbf6a58cde243dee80514fa1fb4f79ab') in 0.007839 seconds
  Import took 0.012457 seconds .

========================================================================
Received Prepare
Registering precompiled user dll's ...
Registered in 0.005098 seconds.
Begin MonoManager ReloadAssembly
Native extension for WindowsStandalone target not found
Refreshing native plugins compatible for Editor in 1.01 ms, found 0 plugins.
Preloading 0 native plugins for Editor in 0.00 ms.
Invoked RoslynAnalysisRunner static constructor.
RoslynAnalysisRunner will not be running.
RoslynAnalysisRunner has terminated.
Mono: successfully reloaded assembly
- Completed reload, in  0.807 seconds
Platform modules already initialized, skipping
Refreshing native plugins compatible for Editor in 1.31 ms, found 0 plugins.
Preloading 0 native plugins for Editor in 0.00 ms.
Unloading 1868 Unused Serialized files (Serialized files now loaded: 0)
System memory in use before: 86.4 MB.
System memory in use after: 86.5 MB.

Unloading 28 unused Assets to reduce memory usage. Loaded Objects now: 2380.
Total: 3.809700 ms (FindLiveObjects: 0.582100 ms CreateObjectMapping: 0.216600 ms MarkObjects: 2.983300 ms  DeleteObjects: 0.025400 ms)

========================================================================
Received Import Request.
  Time since last request: 71.132182 seconds.
  path: Assets/Scripts/View/Control/GameController.cs
  artifactKey: Guid(623e4b04af144a14794ddb47664f7c7b) Importer(815301076,1909f56bfc062723c751e8b465ee728b)
Start importing Assets/Scripts/View/Control/GameController.cs using Guid(623e4b04af144a14794ddb47664f7c7b) Importer(815301076,1909f56bfc062723c751e8b465ee728b)  -> (artifact id: '36af714a03a6ae910ea2bf00eca49bbb') in 0.011079 seconds
  Import took 0.013854 seconds .

========================================================================
Received Prepare
Registering precompiled user dll's ...
Registered in 0.003358 seconds.
Begin MonoManager ReloadAssembly
Native extension for WindowsStandalone target not found
Refreshing native plugins compatible for Editor in 0.49 ms, found 0 plugins.
Preloading 0 native plugins for Editor in 0.00 ms.
Invoked RoslynAnalysisRunner static constructor.
RoslynAnalysisRunner will not be running.
RoslynAnalysisRunner has terminated.
Mono: successfully reloaded assembly
- Completed reload, in  0.684 seconds
Platform modules already initialized, skipping
Refreshing native plugins compatible for Editor in 0.82 ms, found 0 plugins.
Preloading 0 native plugins for Editor in 0.00 ms.
Unloading 1868 Unused Serialized files (Serialized files now loaded: 0)
System memory in use before: 86.4 MB.
System memory in use after: 86.5 MB.

Unloading 28 unused Assets to reduce memory usage. Loaded Objects now: 2382.
Total: 2.713700 ms (FindLiveObjects: 0.356700 ms CreateObjectMapping: 0.133500 ms MarkObjects: 2.194800 ms  DeleteObjects: 0.027300 ms)

========================================================================
Received Prepare
Registering precompiled user dll's ...
Registered in 0.003413 seconds.
Begin MonoManager ReloadAssembly
Native extension for WindowsStandalone target not found
Refreshing native plugins compatible for Editor in 0.45 ms, found 0 plugins.
Preloading 0 native plugins for Editor in 0.00 ms.
Invoked RoslynAnalysisRunner static constructor.
RoslynAnalysisRunner will not be running.
RoslynAnalysisRunner has terminated.
Mono: successfully reloaded assembly
- Completed reload, in  0.647 seconds
Platform modules already initialized, skipping
Refreshing native plugins compatible for Editor in 0.52 ms, found 0 plugins.
Preloading 0 native plugins for Editor in 0.00 ms.
Unloading 1868 Unused Serialized files (Serialized files now loaded: 0)
System memory in use before: 86.4 MB.
System memory in use after: 86.5 MB.

Unloading 28 unused Assets to reduce memory usage. Loaded Objects now: 2384.
Total: 3.481200 ms (FindLiveObjects: 0.504100 ms CreateObjectMapping: 0.155400 ms MarkObjects: 2.786600 ms  DeleteObjects: 0.033300 ms)

========================================================================
Received Prepare
Registering precompiled user dll's ...
Registered in 0.004063 seconds.
Begin MonoManager ReloadAssembly
Native extension for WindowsStandalone target not found
Refreshing native plugins compatible for Editor in 0.83 ms, found 0 plugins.
Preloading 0 native plugins for Editor in 0.00 ms.
Invoked RoslynAnalysisRunner static constructor.
RoslynAnalysisRunner will not be running.
RoslynAnalysisRunner has terminated.
Mono: successfully reloaded assembly
- Completed reload, in  0.688 seconds
Platform modules already initialized, skipping
Refreshing native plugins compatible for Editor in 0.82 ms, found 0 plugins.
Preloading 0 native plugins for Editor in 0.00 ms.
Unloading 1868 Unused Serialized files (Serialized files now loaded: 0)
System memory in use before: 86.4 MB.
System memory in use after: 86.5 MB.

Unloading 28 unused Assets to reduce memory usage. Loaded Objects now: 2386.
Total: 2.564400 ms (FindLiveObjects: 0.377600 ms CreateObjectMapping: 0.185600 ms MarkObjects: 1.975500 ms  DeleteObjects: 0.023900 ms)

========================================================================
Received Prepare
Registering precompiled user dll's ...
Registered in 0.003814 seconds.
Begin MonoManager ReloadAssembly
Native extension for WindowsStandalone target not found
Refreshing native plugins compatible for Editor in 0.44 ms, found 0 plugins.
Preloading 0 native plugins for Editor in 0.00 ms.
Invoked RoslynAnalysisRunner static constructor.
RoslynAnalysisRunner will not be running.
RoslynAnalysisRunner has terminated.
Mono: successfully reloaded assembly
- Completed reload, in  0.657 seconds
Platform modules already initialized, skipping
Refreshing native plugins compatible for Editor in 0.47 ms, found 0 plugins.
Preloading 0 native plugins for Editor in 0.00 ms.
Unloading 1868 Unused Serialized files (Serialized files now loaded: 0)
System memory in use before: 86.4 MB.
System memory in use after: 86.5 MB.

Unloading 28 unused Assets to reduce memory usage. Loaded Objects now: 2388.
Total: 2.151300 ms (FindLiveObjects: 0.377300 ms CreateObjectMapping: 0.168400 ms MarkObjects: 1.580000 ms  DeleteObjects: 0.023800 ms)

========================================================================
Received Prepare
Registering precompiled user dll's ...
Registered in 0.003393 seconds.
Begin MonoManager ReloadAssembly
Native extension for WindowsStandalone target not found
Refreshing native plugins compatible for Editor in 0.53 ms, found 0 plugins.
Preloading 0 native plugins for Editor in 0.00 ms.
Invoked RoslynAnalysisRunner static constructor.
RoslynAnalysisRunner will not be running.
RoslynAnalysisRunner has terminated.
Mono: successfully reloaded assembly
- Completed reload, in  0.741 seconds
Platform modules already initialized, skipping
Refreshing native plugins compatible for Editor in 0.82 ms, found 0 plugins.
Preloading 0 native plugins for Editor in 0.00 ms.
Unloading 1868 Unused Serialized files (Serialized files now loaded: 0)
System memory in use before: 86.4 MB.
System memory in use after: 86.5 MB.

Unloading 28 unused Assets to reduce memory usage. Loaded Objects now: 2390.
Total: 3.512500 ms (FindLiveObjects: 0.429500 ms CreateObjectMapping: 0.203500 ms MarkObjects: 2.836800 ms  DeleteObjects: 0.040100 ms)

========================================================================
Received Import Request.
  Time since last request: 608.412757 seconds.
  path: Assets/Scripts/View/Control/NewAudio/DrumMachine.cs
  artifactKey: Guid(2c31bc90d13ef1f4abfa1e3fa8b9df97) Importer(815301076,1909f56bfc062723c751e8b465ee728b)
Start importing Assets/Scripts/View/Control/NewAudio/DrumMachine.cs using Guid(2c31bc90d13ef1f4abfa1e3fa8b9df97) Importer(815301076,1909f56bfc062723c751e8b465ee728b)  -> (artifact id: '1dca3bf6650ea7c751478d3cc38f4f95') in 0.014467 seconds
  Import took 0.017591 seconds .

========================================================================
Received Import Request.
  Time since last request: 3.130290 seconds.
  path: Assets/Scripts/View/Control/NewAudio/OSC.cs
  artifactKey: Guid(89b2b03a5016eb14e84d905b60ec4c63) Importer(815301076,1909f56bfc062723c751e8b465ee728b)
Start importing Assets/Scripts/View/Control/NewAudio/OSC.cs using Guid(89b2b03a5016eb14e84d905b60ec4c63) Importer(815301076,1909f56bfc062723c751e8b465ee728b)  -> (artifact id: '7dee50922719917c3bbc46bff891476c') in 0.002845 seconds
  Import took 0.005633 seconds .

========================================================================
Received Prepare
Registering precompiled user dll's ...
Registered in 0.003548 seconds.
Begin MonoManager ReloadAssembly
Native extension for WindowsStandalone target not found
Refreshing native plugins compatible for Editor in 0.45 ms, found 0 plugins.
Preloading 0 native plugins for Editor in 0.00 ms.
Invoked RoslynAnalysisRunner static constructor.
RoslynAnalysisRunner will not be running.
RoslynAnalysisRunner has terminated.
Mono: successfully reloaded assembly
- Completed reload, in  0.647 seconds
Platform modules already initialized, skipping
Refreshing native plugins compatible for Editor in 0.78 ms, found 0 plugins.
Preloading 0 native plugins for Editor in 0.00 ms.
Unloading 1868 Unused Serialized files (Serialized files now loaded: 0)
System memory in use before: 86.4 MB.
System memory in use after: 86.5 MB.

Unloading 28 unused Assets to reduce memory usage. Loaded Objects now: 2392.
Total: 2.982600 ms (FindLiveObjects: 0.378500 ms CreateObjectMapping: 0.165700 ms MarkObjects: 2.400800 ms  DeleteObjects: 0.035500 ms)

AssetImportWorkerClient::OnTransportError - code=2 error=End of file
